> install.packages("spatstat")
WARNING: Rtools is required to build R packages but is not currently installed. Please download and install the appropriate version of Rtools before proceeding:

https://cran.rstudio.com/bin/windows/Rtools/
Installazione pacchetto in ‘C:/Users/Utente/AppData/Local/R/win-library/4.3’
(perché ‘lib’ non è specificato)
si installano anche le dipendenze ‘deldir’, ‘polyclip’, ‘spatstat.sparse’, ‘goftest’, ‘abind’, ‘tensor’, ‘spatstat.data’, ‘spatstat.geom’, ‘spatstat.random’, ‘spatstat.explore’, ‘spatstat.model’, ‘spatstat.linnet’, ‘spatstat.utils’

trying URL 'https://cran.rstudio.com/bin/windows/contrib/4.3/deldir_1.0-9.zip'
Content type 'application/zip' length 334907 bytes (327 KB)
downloaded 327 KB

trying URL 'https://cran.rstudio.com/bin/windows/contrib/4.3/polyclip_1.10-6.zip'
Content type 'application/zip' length 396722 bytes (387 KB)
downloaded 387 KB

trying URL 'https://cran.rstudio.com/bin/windows/contrib/4.3/spatstat.sparse_3.0-2.zip'
Content type 'application/zip' length 216626 bytes (211 KB)
downloaded 211 KB

trying URL 'https://cran.rstudio.com/bin/windows/contrib/4.3/goftest_1.2-3.zip'
Content type 'application/zip' length 64586 bytes (63 KB)
downloaded 63 KB

trying URL 'https://cran.rstudio.com/bin/windows/contrib/4.3/abind_1.4-5.zip'
Content type 'application/zip' length 63771 bytes (62 KB)
downloaded 62 KB

trying URL 'https://cran.rstudio.com/bin/windows/contrib/4.3/tensor_1.5.zip'
Content type 'application/zip' length 16184 bytes (15 KB)
downloaded 15 KB

trying URL 'https://cran.rstudio.com/bin/windows/contrib/4.3/spatstat.data_3.0-1.zip'
Content type 'application/zip' length 4100883 bytes (3.9 MB)
downloaded 3.9 MB

trying URL 'https://cran.rstudio.com/bin/windows/contrib/4.3/spatstat.geom_3.2-5.zip'
Content type 'application/zip' length 3927195 bytes (3.7 MB)
downloaded 3.7 MB

trying URL 'https://cran.rstudio.com/bin/windows/contrib/4.3/spatstat.random_3.1-6.zip'
Content type 'application/zip' length 1152604 bytes (1.1 MB)
downloaded 1.1 MB

trying URL 'https://cran.rstudio.com/bin/windows/contrib/4.3/spatstat.explore_3.2-3.zip'
Content type 'application/zip' length 3313100 bytes (3.2 MB)
downloaded 3.2 MB

trying URL 'https://cran.rstudio.com/bin/windows/contrib/4.3/spatstat.model_3.2-6.zip'
Content type 'application/zip' length 3313703 bytes (3.2 MB)
downloaded 3.2 MB

trying URL 'https://cran.rstudio.com/bin/windows/contrib/4.3/spatstat.linnet_3.1-1.zip'
Content type 'application/zip' length 1412983 bytes (1.3 MB)
downloaded 1.3 MB

trying URL 'https://cran.rstudio.com/bin/windows/contrib/4.3/spatstat.utils_3.0-3.zip'
Content type 'application/zip' length 371579 bytes (362 KB)
downloaded 362 KB

trying URL 'https://cran.rstudio.com/bin/windows/contrib/4.3/spatstat_3.0-6.zip'
Content type 'application/zip' length 3889576 bytes (3.7 MB)
downloaded 3.7 MB

pacchetto ‘deldir’ aperto con successo con controllo somme MD5
pacchetto ‘polyclip’ aperto con successo con controllo somme MD5
pacchetto ‘spatstat.sparse’ aperto con successo con controllo somme MD5
pacchetto ‘goftest’ aperto con successo con controllo somme MD5
pacchetto ‘abind’ aperto con successo con controllo somme MD5
pacchetto ‘tensor’ aperto con successo con controllo somme MD5
pacchetto ‘spatstat.data’ aperto con successo con controllo somme MD5
pacchetto ‘spatstat.geom’ aperto con successo con controllo somme MD5
pacchetto ‘spatstat.random’ aperto con successo con controllo somme MD5
pacchetto ‘spatstat.explore’ aperto con successo con controllo somme MD5
pacchetto ‘spatstat.model’ aperto con successo con controllo somme MD5
pacchetto ‘spatstat.linnet’ aperto con successo con controllo somme MD5
pacchetto ‘spatstat.utils’ aperto con successo con controllo somme MD5
pacchetto ‘spatstat’ aperto con successo con controllo somme MD5

I pacchetti binari scaricati sono in
	C:\Users\Utente\AppData\Local\Temp\RtmpMVbqiw\downloaded_packages
> library(spatstat)
Caricamento del pacchetto richiesto: spatstat.data
Caricamento del pacchetto richiesto: spatstat.geom
spatstat.geom 3.2-5
Caricamento del pacchetto richiesto: spatstat.random
spatstat.random 3.1-6
Caricamento del pacchetto richiesto: spatstat.explore
Caricamento del pacchetto richiesto: nlme
spatstat.explore 3.2-3
Caricamento del pacchetto richiesto: spatstat.model
Caricamento del pacchetto richiesto: rpart
spatstat.model 3.2-6
Caricamento del pacchetto richiesto: spatstat.linnet
spatstat.linnet 3.1-1

spatstat 3.0-6 
For an introduction to spatstat, type ‘beginner’ 

> bei
Planar point pattern: 3604 points
window: rectangle = [0, 1000] x [0, 500] metres
> plot(bei)
> plot(bei, cex=0.5)
> plot(bei, cex=0.2)
> plot(bei, cex=.2, pch=19)
> 
> 
> bei.extra
List of pixel images

elev:
real-valued pixel image
101 x 201 pixel array (ny, nx)
enclosing rectangle: [-2.5, 1002.5] x [-2.5, 502.5] metres

grad:
real-valued pixel image
101 x 201 pixel array (ny, nx)
enclosing rectangle: [-2.5, 1002.5] x [-2.5, 502.5] metres
> plot(bei.extra)
> plot(bei.extra$elev)
> elevation<-bei.extra$elev
> 
> elevation<-bei.extra$elev
> plot(elevation)
> bei.extra[[1]]
real-valued pixel image
101 x 201 pixel array (ny, nx)
enclosing rectangle: [-2.5, 1002.5] x [-2.5, 502.5] metres
> bei.extra[[1]]
real-valued pixel image
101 x 201 pixel array (ny, nx)
enclosing rectangle: [-2.5, 1002.5] x [-2.5, 502.5] metres
> elevation2<-[[1]]
Error: unexpected '[[' in "elevation2<-[["
> bei.extra[[1]]
real-valued pixel image
101 x 201 pixel array (ny, nx)
enclosing rectangle: [-2.5, 1002.5] x [-2.5, 502.5] metres
> elevation2<[[1]]
Error: unexpected '[[' in "elevation2<[["
> bei.extra[[1]]
real-valued pixel image
101 x 201 pixel array (ny, nx)
enclosing rectangle: [-2.5, 1002.5] x [-2.5, 502.5] metres
> elevation2 <- [[1]]
Error: unexpected '[[' in "elevation2 <- [["
> bei.extra[[1]]
real-valued pixel image
101 x 201 pixel array (ny, nx)
enclosing rectangle: [-2.5, 1002.5] x [-2.5, 502.5] metres
> elevation2 <- bei.extra[[1]]
> plot(elevation2)
